user@DESKTOP-MFEN465 MINGW64 ~/Documents
$ git init
Reinitialized existing Git repository in C:/Users/user/Documents/.git/

user@DESKTOP-MFEN465 MINGW64 ~/Documents
$ git add feature1.txt

user@DESKTOP-MFEN465 MINGW64 ~/Documents
$ git add feature.txt

user@DESKTOP-MFEN465 MINGW64 ~/Documents
$ git commit - "feature1 and feature"
error: pathspec '-' did not match any file(s) known to git
error: pathspec 'feature1 and feature' did not match any file(s) known to git

user@DESKTOP-MFEN465 MINGW64 ~/Documents
$ git commit -m "feature1 and feature"
[master (root-commit) 42d2f17] feature1 and feature
 2 files changed, 0 insertions(+), 0 deletions(-)
 create mode 100644 feature.txt
 create mode 100644 feature1.txt

user@DESKTOP-MFEN465 MINGW64 ~/Documents
$ git branch develop

user@DESKTOP-MFEN465 MINGW64 ~/Documents
$ git branch feature1

user@DESKTOP-MFEN465 MINGW64 ~/Documents
$ git branch feature2

user@DESKTOP-MFEN465 MINGW64 ~/Documents
$ git checkout  feature1
Switched to branch 'feature1'

user@DESKTOP-MFEN465 MINGW64 ~/Documents
$ touch new.txt

user@DESKTOP-MFEN465 MINGW64 ~/Documents
$ git add ne.txt
fatal: pathspec 'ne.txt' did not match any files

user@DESKTOP-MFEN465 MINGW64 ~/Documents
$ git add new.txt

user@DESKTOP-MFEN465 MINGW64 ~/Documents
$ git commit -m "add new.txt in feature1 branch"
[feature1 7068131] add new.txt in feature1 branch
 1 file changed, 0 insertions(+), 0 deletions(-)
 create mode 100644 new.txt

user@DESKTOP-MFEN465 MINGW64 ~/Documents
$ git checkout develop
Switched to branch 'develop'

user@DESKTOP-MFEN465 MINGW64 ~/Documents
$ touch demo.txt

user@DESKTOP-MFEN465 MINGW64 ~/Documents
$ git add demo.txt

user@DESKTOP-MFEN465 MINGW64 ~/Documents
$ git commit -m "add demo.txt in develope branch"
[develop 3dc550f] add demo.txt in develope branch
 1 file changed, 0 insertions(+), 0 deletions(-)
 create mode 100644 demo.txt